---
source: crates/utils/tests/json_test.rs
expression: "fs::read_file(&path).unwrap()"
---
{
	"bar": 123,
	"baz": [
		"a",
		"b",
		"c"
	],
	"foo": true,
	"qux": {
		"nested": true
	}
}

