---
source: crates/shell/src/shells/fish.rs
expression: Fish.format_hook(hook).unwrap()
---
set -gx __ORIG_PATH $PATH

function __starbase_hook --on-variable PWD;
  starbase hook fish | source
end;
