---
source: crates/shell/src/shells/murex.rs
expression: Murex.format_hook(hook).unwrap()
---
$ENV.__ORIG_PATH="$ENV.PATH"

function _starbase_hook {
  starbase hook murex -> source
}

event onPrompt starbase_hook=before {
  _starbase_hook
}
