---
source: crates/shell/src/shells/zsh.rs
expression: "Zsh::default().format_hook(hook).unwrap()"
---
export __ORIG_PATH="$PATH"

_starbase_hook() {
  trap -- '' SIGINT
  eval "$(starbase hook zsh)";
  trap - SIGINT
}
typeset -ag precmd_functions
if (( ! ${precmd_functions[(I)_starbase_hook]} )); then
  precmd_functions=(_starbase_hook $precmd_functions)
fi
typeset -ag chpwd_functions
if (( ! ${chpwd_functions[(I)_starbase_hook]} )); then
  chpwd_functions=(_starbase_hook $chpwd_functions)
fi
