---
source: crates/shell/src/shells/pwsh.rs
expression: Pwsh.format_hook(hook).unwrap()
---
# starbase hook
$env.__ORIG_PATH = "$env.PATH"

using namespace System;
using namespace System.Management.Automation;

$hook = [EventHandler[LocationChangedEventArgs]] {
  param([object] $source, [LocationChangedEventArgs] $eventArgs)
  end {
    $exports = starbase hook pwsh;
    if ($exports) {
      Invoke-Expression -Command $exports;
    }
  }
};

$currentAction = $ExecutionContext.SessionState.InvokeCommand.LocationChangedAction;

if ($currentAction) {
  $ExecutionContext.SessionState.InvokeCommand.LocationChangedAction = [Delegate]::Combine($currentAction, $hook);
} else {
  $ExecutionContext.SessionState.InvokeCommand.LocationChangedAction = $hook;
};
