---
source: crates/shell/src/shells/nu.rs
expression: Nu.format_hook(hook).unwrap()
---
# starbase hook
$env.__ORIG_PATH = $env.PATH

$env.config = ( $env.config | upsert hooks.env_change.PWD { |config|
  let list = ($config | get -i hooks.env_change.PWD) | default []

  $list | append { |before, after|
    let data = starbase hook nu | from json

    $data | get env | items { |k, v|
      if $v == null {
        hide_env $k
      } else {
        load-env { ($k): $v }
      }
    }

    let path_list = $env.__ORIG_PATH | split row (char esep)

    $data | get paths | reverse | each { |p|
      let path_list = ($path_list | prepend $p)
    }

    $env.PATH = ($path_list | uniq)
  }
})
